../Drivers/STM32L4xx_HAL_Driver/Src/stm32l4xx_hal_sd.c:356:19:HAL_SD_Init	48	static
../Drivers/STM32L4xx_HAL_Driver/Src/stm32l4xx_hal_sd.c:483:19:HAL_SD_InitCard	72	static
../Drivers/STM32L4xx_HAL_Driver/Src/stm32l4xx_hal_sd.c:583:19:HAL_SD_DeInit	16	static
../Drivers/STM32L4xx_HAL_Driver/Src/stm32l4xx_hal_sd.c:640:13:HAL_SD_MspInit	16	static
../Drivers/STM32L4xx_HAL_Driver/Src/stm32l4xx_hal_sd.c:655:13:HAL_SD_MspDeInit	16	static
../Drivers/STM32L4xx_HAL_Driver/Src/stm32l4xx_hal_sd.c:696:19:HAL_SD_ReadBlocks	80	static
../Drivers/STM32L4xx_HAL_Driver/Src/stm32l4xx_hal_sd.c:919:19:HAL_SD_WriteBlocks	80	static
../Drivers/STM32L4xx_HAL_Driver/Src/stm32l4xx_hal_sd.c:1113:19:HAL_SD_ReadBlocks_IT	56	static
../Drivers/STM32L4xx_HAL_Driver/Src/stm32l4xx_hal_sd.c:1212:19:HAL_SD_WriteBlocks_IT	56	static
../Drivers/STM32L4xx_HAL_Driver/Src/stm32l4xx_hal_sd.c:1320:19:HAL_SD_ReadBlocks_DMA	56	static
../Drivers/STM32L4xx_HAL_Driver/Src/stm32l4xx_hal_sd.c:1451:19:HAL_SD_WriteBlocks_DMA	56	static
../Drivers/STM32L4xx_HAL_Driver/Src/stm32l4xx_hal_sd.c:1589:19:HAL_SD_Erase	40	static
../Drivers/STM32L4xx_HAL_Driver/Src/stm32l4xx_hal_sd.c:1691:6:HAL_SD_IRQHandler	24	static
../Drivers/STM32L4xx_HAL_Driver/Src/stm32l4xx_hal_sd.c:2000:21:HAL_SD_GetState	16	static
../Drivers/STM32L4xx_HAL_Driver/Src/stm32l4xx_hal_sd.c:2011:10:HAL_SD_GetError	16	static
../Drivers/STM32L4xx_HAL_Driver/Src/stm32l4xx_hal_sd.c:2021:13:HAL_SD_TxCpltCallback	16	static
../Drivers/STM32L4xx_HAL_Driver/Src/stm32l4xx_hal_sd.c:2036:13:HAL_SD_RxCpltCallback	16	static
../Drivers/STM32L4xx_HAL_Driver/Src/stm32l4xx_hal_sd.c:2051:13:HAL_SD_ErrorCallback	16	static
../Drivers/STM32L4xx_HAL_Driver/Src/stm32l4xx_hal_sd.c:2066:13:HAL_SD_AbortCallback	16	static
../Drivers/STM32L4xx_HAL_Driver/Src/stm32l4xx_hal_sd.c:2383:19:HAL_SD_GetCardCID	16	static
../Drivers/STM32L4xx_HAL_Driver/Src/stm32l4xx_hal_sd.c:2416:19:HAL_SD_GetCardCSD	16	static
../Drivers/STM32L4xx_HAL_Driver/Src/stm32l4xx_hal_sd.c:2530:19:HAL_SD_GetCardStatus	88	static
../Drivers/STM32L4xx_HAL_Driver/Src/stm32l4xx_hal_sd.c:2596:19:HAL_SD_GetCardInfo	16	static
../Drivers/STM32L4xx_HAL_Driver/Src/stm32l4xx_hal_sd.c:2621:19:HAL_SD_ConfigWideBusOperation	80	static
../Drivers/STM32L4xx_HAL_Driver/Src/stm32l4xx_hal_sd.c:2798:19:HAL_SD_ConfigSpeedBusOperation	32	static
../Drivers/STM32L4xx_HAL_Driver/Src/stm32l4xx_hal_sd.c:3006:25:HAL_SD_GetCardState	32	static
../Drivers/STM32L4xx_HAL_Driver/Src/stm32l4xx_hal_sd.c:3029:19:HAL_SD_Abort	24	static
../Drivers/STM32L4xx_HAL_Driver/Src/stm32l4xx_hal_sd.c:3100:19:HAL_SD_Abort_IT	24	static
../Drivers/STM32L4xx_HAL_Driver/Src/stm32l4xx_hal_sd.c:3393:17:SD_InitCard	80	static
../Drivers/STM32L4xx_HAL_Driver/Src/stm32l4xx_hal_sd.c:3487:17:SD_PowerON	40	static
../Drivers/STM32L4xx_HAL_Driver/Src/stm32l4xx_hal_sd.c:3656:13:SD_PowerOFF	16	static
../Drivers/STM32L4xx_HAL_Driver/Src/stm32l4xx_hal_sd.c:3669:17:SD_SendSDStatus	56	static
../Drivers/STM32L4xx_HAL_Driver/Src/stm32l4xx_hal_sd.c:3783:17:SD_SendStatus	24	static
../Drivers/STM32L4xx_HAL_Driver/Src/stm32l4xx_hal_sd.c:3810:17:SD_WideBus_Enable	32	static
../Drivers/STM32L4xx_HAL_Driver/Src/stm32l4xx_hal_sd.c:3857:17:SD_WideBus_Disable	32	static
../Drivers/STM32L4xx_HAL_Driver/Src/stm32l4xx_hal_sd.c:3906:17:SD_FindSCR	64	static
../Drivers/STM32L4xx_HAL_Driver/Src/stm32l4xx_hal_sd.c:4017:13:SD_Read_IT	32	static
../Drivers/STM32L4xx_HAL_Driver/Src/stm32l4xx_hal_sd.c:4056:13:SD_Write_IT	32	static
../Drivers/STM32L4xx_HAL_Driver/Src/stm32l4xx_hal_sd.c:4098:10:SD_HighSpeed	128	static
../Drivers/STM32L4xx_HAL_Driver/Src/stm32l4xx_hal_sd.c:4207:17:SD_UltraHighSpeed	128	static
../Drivers/STM32L4xx_HAL_Driver/Src/stm32l4xx_hal_sd.c:4333:17:SD_DDR_Mode	128	static
