../Drivers/STM32L4xx_HAL_Driver/Inc/stm32l4xx_ll_adc.h:5464:22:LL_ADC_SetChannelSamplingTime	12	static
../Drivers/STM32L4xx_HAL_Driver/Inc/stm32l4xx_ll_adc.h:7132:26:LL_ADC_INJ_IsConversionOngoing	0	static
../Drivers/STM32L4xx_HAL_Driver/Src/stm32l4xx_hal_adc_ex.c:119:19:HAL_ADCEx_Calibration_Start	24	static
../Drivers/STM32L4xx_HAL_Driver/Src/stm32l4xx_hal_adc_ex.c:193:10:HAL_ADCEx_Calibration_GetValue	0	static
../Drivers/STM32L4xx_HAL_Driver/Src/stm32l4xx_hal_adc_ex.c:213:19:HAL_ADCEx_Calibration_SetValue	24	static
../Drivers/STM32L4xx_HAL_Driver/Src/stm32l4xx_hal_adc_ex.c:270:19:HAL_ADCEx_InjectedStart	8	static
../Drivers/STM32L4xx_HAL_Driver/Src/stm32l4xx_hal_adc_ex.c:419:19:HAL_ADCEx_InjectedStop	16	static
../Drivers/STM32L4xx_HAL_Driver/Src/stm32l4xx_hal_adc_ex.c:474:19:HAL_ADCEx_InjectedPollForConversion	24	static
../Drivers/STM32L4xx_HAL_Driver/Src/stm32l4xx_hal_adc_ex.c:615:19:HAL_ADCEx_InjectedStart_IT	8	static
../Drivers/STM32L4xx_HAL_Driver/Src/stm32l4xx_hal_adc_ex.c:788:19:HAL_ADCEx_InjectedStop_IT	16	static
../Drivers/STM32L4xx_HAL_Driver/Src/stm32l4xx_hal_adc_ex.c:1144:10:HAL_ADCEx_InjectedGetValue	0	static
../Drivers/STM32L4xx_HAL_Driver/Src/stm32l4xx_hal_adc_ex.c:1179:13:HAL_ADCEx_InjectedConvCpltCallback	0	static
../Drivers/STM32L4xx_HAL_Driver/Src/stm32l4xx_hal_adc_ex.c:1198:13:HAL_ADCEx_InjectedQueueOverflowCallback	0	static
../Drivers/STM32L4xx_HAL_Driver/Src/stm32l4xx_hal_adc_ex.c:1213:13:HAL_ADCEx_LevelOutOfWindow2Callback	0	static
../Drivers/STM32L4xx_HAL_Driver/Src/stm32l4xx_hal_adc_ex.c:1228:13:HAL_ADCEx_LevelOutOfWindow3Callback	0	static
../Drivers/STM32L4xx_HAL_Driver/Src/stm32l4xx_hal_adc_ex.c:1244:13:HAL_ADCEx_EndOfSamplingCallback	0	static
../Drivers/STM32L4xx_HAL_Driver/Src/stm32l4xx_hal_adc_ex.c:1261:19:HAL_ADCEx_RegularStop	16	static
../Drivers/STM32L4xx_HAL_Driver/Src/stm32l4xx_hal_adc_ex.c:1319:19:HAL_ADCEx_RegularStop_IT	16	static
../Drivers/STM32L4xx_HAL_Driver/Src/stm32l4xx_hal_adc_ex.c:1379:19:HAL_ADCEx_RegularStop_DMA	16	static
../Drivers/STM32L4xx_HAL_Driver/Src/stm32l4xx_hal_adc_ex.c:1652:19:HAL_ADCEx_InjectedConfigChannel	32	static,ignoring_inline_asm
../Drivers/STM32L4xx_HAL_Driver/Src/stm32l4xx_hal_adc_ex.c:2224:19:HAL_ADCEx_EnableInjectedQueue	8	static
../Drivers/STM32L4xx_HAL_Driver/Src/stm32l4xx_hal_adc_ex.c:2265:19:HAL_ADCEx_DisableInjectedQueue	8	static
../Drivers/STM32L4xx_HAL_Driver/Src/stm32l4xx_hal_adc_ex.c:2302:19:HAL_ADCEx_DisableVoltageRegulator	0	static
../Drivers/STM32L4xx_HAL_Driver/Src/stm32l4xx_hal_adc_ex.c:2339:19:HAL_ADCEx_EnterADCDeepPowerDownMode	0	static
