../Drivers/STM32L4xx_HAL_Driver/Src/stm32l4xx_hal_smbus.c:2483:13:SMBUS_Disable_IRQ	12	static
../Drivers/STM32L4xx_HAL_Driver/Src/stm32l4xx_hal_smbus.c:2700:13:SMBUS_Flush_TXDR	0	static
../Drivers/STM32L4xx_HAL_Driver/Src/stm32l4xx_hal_smbus.c:2736:13:SMBUS_TransferConfig	12	static
../Drivers/STM32L4xx_HAL_Driver/Src/stm32l4xx_hal_smbus.c:2759:13:SMBUS_ConvertOtherXferOptions	0	static
../Drivers/STM32L4xx_HAL_Driver/Src/stm32l4xx_hal_smbus.c:2665:26:SMBUS_WaitOnFlagUntilTimeout.constprop	16	static
../Drivers/STM32L4xx_HAL_Driver/Src/stm32l4xx_hal_smbus.c:459:13:HAL_SMBUS_MspInit	0	static
../Drivers/STM32L4xx_HAL_Driver/Src/stm32l4xx_hal_smbus.c:289:19:HAL_SMBUS_Init	16	static
../Drivers/STM32L4xx_HAL_Driver/Src/stm32l4xx_hal_smbus.c:475:13:HAL_SMBUS_MspDeInit	0	static
../Drivers/STM32L4xx_HAL_Driver/Src/stm32l4xx_hal_smbus.c:414:19:HAL_SMBUS_DeInit	8	static
../Drivers/STM32L4xx_HAL_Driver/Src/stm32l4xx_hal_smbus.c:494:19:HAL_SMBUS_ConfigAnalogFilter	8	static
../Drivers/STM32L4xx_HAL_Driver/Src/stm32l4xx_hal_smbus.c:538:19:HAL_SMBUS_ConfigDigitalFilter	8	static
../Drivers/STM32L4xx_HAL_Driver/Src/stm32l4xx_hal_smbus.c:925:19:HAL_SMBUS_Master_Transmit_IT	24	static
../Drivers/STM32L4xx_HAL_Driver/Src/stm32l4xx_hal_smbus.c:1063:19:HAL_SMBUS_Master_Receive_IT	24	static
../Drivers/STM32L4xx_HAL_Driver/Src/stm32l4xx_hal_smbus.c:1160:19:HAL_SMBUS_Master_Abort_IT	24	static
../Drivers/STM32L4xx_HAL_Driver/Src/stm32l4xx_hal_smbus.c:1225:19:HAL_SMBUS_Slave_Transmit_IT	32	static
../Drivers/STM32L4xx_HAL_Driver/Src/stm32l4xx_hal_smbus.c:1323:19:HAL_SMBUS_Slave_Receive_IT	32	static
../Drivers/STM32L4xx_HAL_Driver/Src/stm32l4xx_hal_smbus.c:1403:19:HAL_SMBUS_EnableListen_IT	0	static
../Drivers/STM32L4xx_HAL_Driver/Src/stm32l4xx_hal_smbus.c:1419:19:HAL_SMBUS_DisableListen_IT	8	static
../Drivers/STM32L4xx_HAL_Driver/Src/stm32l4xx_hal_smbus.c:1443:19:HAL_SMBUS_EnableAlert_IT	0	static
../Drivers/STM32L4xx_HAL_Driver/Src/stm32l4xx_hal_smbus.c:1462:19:HAL_SMBUS_DisableAlert_IT	8	static
../Drivers/STM32L4xx_HAL_Driver/Src/stm32l4xx_hal_smbus.c:1483:19:HAL_SMBUS_IsDeviceReady	40	static
../Drivers/STM32L4xx_HAL_Driver/Src/stm32l4xx_hal_smbus.c:1713:13:HAL_SMBUS_MasterTxCpltCallback	0	static
../Drivers/STM32L4xx_HAL_Driver/Src/stm32l4xx_hal_smbus.c:1729:13:HAL_SMBUS_MasterRxCpltCallback	0	static
../Drivers/STM32L4xx_HAL_Driver/Src/stm32l4xx_hal_smbus.c:1744:13:HAL_SMBUS_SlaveTxCpltCallback	0	static
../Drivers/STM32L4xx_HAL_Driver/Src/stm32l4xx_hal_smbus.c:1760:13:HAL_SMBUS_SlaveRxCpltCallback	0	static
../Drivers/STM32L4xx_HAL_Driver/Src/stm32l4xx_hal_smbus.c:1778:13:HAL_SMBUS_AddrCallback	0	static
../Drivers/STM32L4xx_HAL_Driver/Src/stm32l4xx_hal_smbus.c:1797:13:HAL_SMBUS_ListenCpltCallback	0	static
../Drivers/STM32L4xx_HAL_Driver/Src/stm32l4xx_hal_smbus.c:1813:13:HAL_SMBUS_ErrorCallback	0	static
../Drivers/STM32L4xx_HAL_Driver/Src/stm32l4xx_hal_smbus.c:2555:13:SMBUS_ITErrorHandler	8	static
../Drivers/STM32L4xx_HAL_Driver/Src/stm32l4xx_hal_smbus.c:1702:6:HAL_SMBUS_ER_IRQHandler	0	static
../Drivers/STM32L4xx_HAL_Driver/Src/stm32l4xx_hal_smbus.c:2175:26:SMBUS_Slave_ISR.isra	32	static
../Drivers/STM32L4xx_HAL_Driver/Src/stm32l4xx_hal_smbus.c:1885:26:SMBUS_Master_ISR.isra	32	static
../Drivers/STM32L4xx_HAL_Driver/Src/stm32l4xx_hal_smbus.c:1624:6:HAL_SMBUS_EV_IRQHandler	16	static
../Drivers/STM32L4xx_HAL_Driver/Src/stm32l4xx_hal_smbus.c:1848:10:HAL_SMBUS_GetState	0	static
../Drivers/STM32L4xx_HAL_Driver/Src/stm32l4xx_hal_smbus.c:1860:10:HAL_SMBUS_GetError	0	static
