../Drivers/STM32L4xx_HAL_Driver/Src/stm32l4xx_hal_uart_ex.c:1058:13:UARTEx_SetNbDataToProcess	12	static
../Drivers/STM32L4xx_HAL_Driver/Src/stm32l4xx_hal_uart_ex.c:170:19:HAL_RS485Ex_Init	24	static
../Drivers/STM32L4xx_HAL_Driver/Src/stm32l4xx_hal_uart_ex.c:278:13:HAL_UARTEx_WakeupCallback	0	static
../Drivers/STM32L4xx_HAL_Driver/Src/stm32l4xx_hal_uart_ex.c:294:13:HAL_UARTEx_RxFifoFullCallback	0	static
../Drivers/STM32L4xx_HAL_Driver/Src/stm32l4xx_hal_uart_ex.c:309:13:HAL_UARTEx_TxFifoEmptyCallback	0	static
../Drivers/STM32L4xx_HAL_Driver/Src/stm32l4xx_hal_uart_ex.c:441:19:HAL_MultiProcessorEx_AddressLength_Set	0	static
../Drivers/STM32L4xx_HAL_Driver/Src/stm32l4xx_hal_uart_ex.c:479:19:HAL_UARTEx_StopModeWakeUpSourceConfig	24	static
../Drivers/STM32L4xx_HAL_Driver/Src/stm32l4xx_hal_uart_ex.c:534:19:HAL_UARTEx_EnableStopMode	0	static,ignoring_inline_asm
../Drivers/STM32L4xx_HAL_Driver/Src/stm32l4xx_hal_uart_ex.c:553:19:HAL_UARTEx_DisableStopMode	0	static,ignoring_inline_asm
../Drivers/STM32L4xx_HAL_Driver/Src/stm32l4xx_hal_uart_ex.c:573:19:HAL_UARTEx_EnableFifoMode	8	static
../Drivers/STM32L4xx_HAL_Driver/Src/stm32l4xx_hal_uart_ex.c:614:19:HAL_UARTEx_DisableFifoMode	0	static
../Drivers/STM32L4xx_HAL_Driver/Src/stm32l4xx_hal_uart_ex.c:660:19:HAL_UARTEx_SetTxFifoThreshold	16	static
../Drivers/STM32L4xx_HAL_Driver/Src/stm32l4xx_hal_uart_ex.c:709:19:HAL_UARTEx_SetRxFifoThreshold	16	static
../Drivers/STM32L4xx_HAL_Driver/Src/stm32l4xx_hal_uart_ex.c:767:19:HAL_UARTEx_ReceiveToIdle	40	static
../Drivers/STM32L4xx_HAL_Driver/Src/stm32l4xx_hal_uart_ex.c:890:19:HAL_UARTEx_ReceiveToIdle_IT	16	static,ignoring_inline_asm
../Drivers/STM32L4xx_HAL_Driver/Src/stm32l4xx_hal_uart_ex.c:947:19:HAL_UARTEx_ReceiveToIdle_DMA	16	static,ignoring_inline_asm
../Drivers/STM32L4xx_HAL_Driver/Src/stm32l4xx_hal_uart_ex.c:1015:29:HAL_UARTEx_GetRxEventType	0	static
