../Drivers/STM32L4xx_HAL_Driver/Src/stm32l4xx_hal_sd.c:4207:17:SD_UltraHighSpeed	120	static
../Drivers/STM32L4xx_HAL_Driver/Src/stm32l4xx_hal_sd.c:3906:17:SD_FindSCR.constprop	56	static
../Drivers/STM32L4xx_HAL_Driver/Src/stm32l4xx_hal_sd.c:640:13:HAL_SD_MspInit	0	static
../Drivers/STM32L4xx_HAL_Driver/Src/stm32l4xx_hal_sd.c:655:13:HAL_SD_MspDeInit	0	static
../Drivers/STM32L4xx_HAL_Driver/Src/stm32l4xx_hal_sd.c:583:19:HAL_SD_DeInit	8	static
../Drivers/STM32L4xx_HAL_Driver/Src/stm32l4xx_hal_sd.c:696:19:HAL_SD_ReadBlocks	56	static
../Drivers/STM32L4xx_HAL_Driver/Src/stm32l4xx_hal_sd.c:919:19:HAL_SD_WriteBlocks	64	static
../Drivers/STM32L4xx_HAL_Driver/Src/stm32l4xx_hal_sd.c:1113:19:HAL_SD_ReadBlocks_IT	40	static
../Drivers/STM32L4xx_HAL_Driver/Src/stm32l4xx_hal_sd.c:1212:19:HAL_SD_WriteBlocks_IT	40	static
../Drivers/STM32L4xx_HAL_Driver/Src/stm32l4xx_hal_sd.c:1320:19:HAL_SD_ReadBlocks_DMA	48	static
../Drivers/STM32L4xx_HAL_Driver/Src/stm32l4xx_hal_sd.c:1451:19:HAL_SD_WriteBlocks_DMA	48	static
../Drivers/STM32L4xx_HAL_Driver/Src/stm32l4xx_hal_sd.c:1589:19:HAL_SD_Erase	24	static
../Drivers/STM32L4xx_HAL_Driver/Src/stm32l4xx_hal_sd.c:2000:21:HAL_SD_GetState	0	static
../Drivers/STM32L4xx_HAL_Driver/Src/stm32l4xx_hal_sd.c:2011:10:HAL_SD_GetError	0	static
../Drivers/STM32L4xx_HAL_Driver/Src/stm32l4xx_hal_sd.c:2021:13:HAL_SD_TxCpltCallback	0	static
../Drivers/STM32L4xx_HAL_Driver/Src/stm32l4xx_hal_sd.c:2036:13:HAL_SD_RxCpltCallback	0	static
../Drivers/STM32L4xx_HAL_Driver/Src/stm32l4xx_hal_sd.c:2051:13:HAL_SD_ErrorCallback	0	static
../Drivers/STM32L4xx_HAL_Driver/Src/stm32l4xx_hal_sd.c:1691:6:HAL_SD_IRQHandler	32	static
../Drivers/STM32L4xx_HAL_Driver/Src/stm32l4xx_hal_sd.c:2066:13:HAL_SD_AbortCallback	0	static
../Drivers/STM32L4xx_HAL_Driver/Src/stm32l4xx_hal_sd.c:2383:19:HAL_SD_GetCardCID	8	static
../Drivers/STM32L4xx_HAL_Driver/Src/stm32l4xx_hal_sd.c:2416:19:HAL_SD_GetCardCSD	8	static
../Drivers/STM32L4xx_HAL_Driver/Src/stm32l4xx_hal_sd.c:483:19:HAL_SD_InitCard	128	static
../Drivers/STM32L4xx_HAL_Driver/Src/stm32l4xx_hal_sd.c:2530:19:HAL_SD_GetCardStatus	112	static
../Drivers/STM32L4xx_HAL_Driver/Src/stm32l4xx_hal_sd.c:2596:19:HAL_SD_GetCardInfo	0	static
../Drivers/STM32L4xx_HAL_Driver/Src/stm32l4xx_hal_sd.c:2621:19:HAL_SD_ConfigWideBusOperation	56	static
../Drivers/STM32L4xx_HAL_Driver/Src/stm32l4xx_hal_sd.c:3006:25:HAL_SD_GetCardState	8	static
../Drivers/STM32L4xx_HAL_Driver/Src/stm32l4xx_hal_sd.c:356:19:HAL_SD_Init	40	static
../Drivers/STM32L4xx_HAL_Driver/Src/stm32l4xx_hal_sd.c:3029:19:HAL_SD_Abort	8	static
../Drivers/STM32L4xx_HAL_Driver/Src/stm32l4xx_hal_sd.c:3100:19:HAL_SD_Abort_IT	16	static
../Drivers/STM32L4xx_HAL_Driver/Src/stm32l4xx_hal_sd.c:4098:10:SD_HighSpeed	120	static
../Drivers/STM32L4xx_HAL_Driver/Src/stm32l4xx_hal_sd.c:2798:19:HAL_SD_ConfigSpeedBusOperation	120	static
