../Core/Inc/foodorder.h:10:6:FoodOrder_Init	0	static
../Core/Inc/screen.h:229:10:big	0	static
../Core/Inc/screen.h:236:6:sendCommand	32	static
../Core/Inc/screen.h:248:6:sendBlock	65568	dynamic,bounded
../Core/Inc/screen.h:276:6:sendCharacter	72	static
../Core/Inc/screen.h:292:6:sendString	64	static
../Core/Inc/screen.h:301:6:initialize_screen	16	static
../Core/Inc/screen.h:328:6:draw	40	static
../Core/Inc/touch.h:7:6:writeRegister8	24	static
../Core/Inc/touch.h:15:9:readRegister8	40	static
../Core/Inc/touch.h:34:9:touched	8	static
../Core/Inc/touch.h:38:9:bufferEmpty	8	static
../Core/Inc/touch.h:42:6:readPosition	40	static
../Core/Inc/touch.h:58:10:map	8	static
../Core/Inc/touch.h:62:9:within	0	static
../Core/Inc/touch.h:68:6:touchHook	16	static
../Core/Inc/touch.h:88:6:initialize_touch	16	static
../Core/Src/main.c:112:6:readTinyCodeData	280	static
../Core/Src/main.c:157:6:HAL_TIM_PeriodElapsedCallback	0	static
../Core/Src/main.c:164:6:HAL_UART_RxCpltCallback	0	static
../Core/Src/main.c:172:6:processReceivedData	32	static
../Core/Src/main.c:208:6:HAL_GPIO_EXTI_Callback	0	static
../Core/Src/main.c:315:6:SystemClock_Config	104	static,ignoring_inline_asm
../Core/Src/main.c:375:6:PeriphCommonClock_Config	160	static,ignoring_inline_asm
../Core/Src/main.c:218:5:main	176	static,ignoring_inline_asm
../Core/Src/main.c:1405:1:__io_putchar	16	static
../Core/Src/main.c:1417:6:Error_Handler	0	static,ignoring_inline_asm
