../Core/Src/stm32l4xx_hal_msp.c:65:6:HAL_MspInit	8	static
../Core/Src/stm32l4xx_hal_msp.c:88:6:HAL_ADC_MspInit	56	static
../Core/Src/stm32l4xx_hal_msp.c:142:6:HAL_ADC_MspDeInit	8	static
../Core/Src/stm32l4xx_hal_msp.c:183:6:HAL_COMP_MspInit	40	static
../Core/Src/stm32l4xx_hal_msp.c:234:6:HAL_COMP_MspDeInit	0	static
../Core/Src/stm32l4xx_hal_msp.c:276:6:HAL_I2C_MspInit	192	static
../Core/Src/stm32l4xx_hal_msp.c:356:6:HAL_I2C_MspDeInit	8	static
../Core/Src/stm32l4xx_hal_msp.c:410:6:HAL_UART_MspInit	200	static
../Core/Src/stm32l4xx_hal_msp.c:528:6:HAL_UART_MspDeInit	0	static
../Core/Src/stm32l4xx_hal_msp.c:595:6:HAL_SPI_MspInit	48	static
../Core/Src/stm32l4xx_hal_msp.c:658:6:HAL_SPI_MspDeInit	0	static
../Core/Src/stm32l4xx_hal_msp.c:708:6:HAL_TIM_Base_MspInit	40	static
../Core/Src/stm32l4xx_hal_msp.c:755:6:HAL_TIM_PWM_MspInit	48	static
../Core/Src/stm32l4xx_hal_msp.c:817:6:HAL_TIM_MspPostInit	64	static
../Core/Src/stm32l4xx_hal_msp.c:957:6:HAL_TIM_Base_MspDeInit	8	static
../Core/Src/stm32l4xx_hal_msp.c:997:6:HAL_TIM_PWM_MspDeInit	8	static
../Core/Src/stm32l4xx_hal_msp.c:1059:6:HAL_SAI_MspInit	56	static
../Core/Src/stm32l4xx_hal_msp.c:1150:6:HAL_SAI_MspDeInit	8	static
