../Core/Src/stm32l4xx_hal_msp.c:65:6:HAL_MspInit	16	static
../Core/Src/stm32l4xx_hal_msp.c:88:6:HAL_ADC_MspInit	56	static
../Core/Src/stm32l4xx_hal_msp.c:142:6:HAL_ADC_MspDeInit	16	static
../Core/Src/stm32l4xx_hal_msp.c:183:6:HAL_COMP_MspInit	48	static
../Core/Src/stm32l4xx_hal_msp.c:234:6:HAL_COMP_MspDeInit	16	static
../Core/Src/stm32l4xx_hal_msp.c:276:6:HAL_I2C_MspInit	192	static
../Core/Src/stm32l4xx_hal_msp.c:322:6:HAL_SMBUS_MspInit	192	static
../Core/Src/stm32l4xx_hal_msp.c:369:6:HAL_I2C_MspDeInit	16	static
../Core/Src/stm32l4xx_hal_msp.c:400:6:HAL_SMBUS_MspDeInit	16	static
../Core/Src/stm32l4xx_hal_msp.c:434:6:HAL_UART_MspInit	208	static
../Core/Src/stm32l4xx_hal_msp.c:552:6:HAL_UART_MspDeInit	16	static
../Core/Src/stm32l4xx_hal_msp.c:619:6:HAL_SPI_MspInit	56	static
../Core/Src/stm32l4xx_hal_msp.c:682:6:HAL_SPI_MspDeInit	16	static
../Core/Src/stm32l4xx_hal_msp.c:732:6:HAL_TIM_PWM_MspInit	64	static
../Core/Src/stm32l4xx_hal_msp.c:826:6:HAL_TIM_MspPostInit	64	static
../Core/Src/stm32l4xx_hal_msp.c:966:6:HAL_TIM_PWM_MspDeInit	16	static
../Core/Src/stm32l4xx_hal_msp.c:1055:6:HAL_SAI_MspInit	48	static
../Core/Src/stm32l4xx_hal_msp.c:1146:6:HAL_SAI_MspDeInit	16	static
